// Jest Snapshot v1, https://goo.gl/fbAQLP

exports[`<ImageCarousel/> should render correcty  1`] = `
<div
  className="my-4"
>
  <div
    className="text-xl text-white"
  >
    
  </div>
  <div
    className="flex overflow-x-auto custom-scrollbar overflow-y-hidden"
  >
    <div
      className="flex py-5 "
    />
  </div>
</div>
`;
